 Container business-platform-target-foundation-platform-api-1 Stopping 
 Container business-platform-target-foundation-erp-web-1 Stopping 
 Container business-platform-target-foundation-worker-1 Stopping 
 Container business-platform-target-foundation-platform-admin-1 Stopping 
 Container business-platform-target-foundation-erp-api-1 Stopping 
 Container business-platform-target-foundation-erp-web-1 Stopped 
 Container business-platform-target-foundation-erp-web-1 Removing 
 Container business-platform-target-foundation-erp-web-1 Removed 
 Container business-platform-target-foundation-erp-api-1 Stopped 
 Container business-platform-target-foundation-erp-api-1 Removing 
 Container business-platform-target-foundation-erp-api-1 Removed 
 Container business-platform-target-foundation-platform-admin-1 Stopped 
 Container business-platform-target-foundation-platform-admin-1 Removing 
 Container business-platform-target-foundation-platform-admin-1 Removed 
 Container business-platform-target-foundation-platform-api-1 Stopped 
 Container business-platform-target-foundation-platform-api-1 Removing 
 Container business-platform-target-foundation-platform-api-1 Removed 
 Container business-platform-target-foundation-worker-1 Stopped 
 Container business-platform-target-foundation-worker-1 Removing 
 Container business-platform-target-foundation-worker-1 Removed 
 Network business-platform-target-foundation_default Removing 
 Network business-platform-target-foundation_default Removed 
